{
  "data": {
    "createMusician": {
      "id": "cd060cfc-5013-4574-8e9b-c10f60216917",
      "musicianBirthDate": "1946-09-04T21:00:00.000Z",
      "musicianName": "Freddie Mercury"
    }
  }
}