{
  "data": {
    "registerUser": {
      "id": "f65fe7cb-e282-4079-98d6-83e001fe6b87",
      "username": "testuser"
    }
  }
}