{
  "data": {
    "musiciansByCountry": [
      {
        "musicianName": "Paul McCartney",
        "country": {
          "countryName": "USA"
        }
      },
      {
        "musicianName": "John Lennon",
        "country": {
          "countryName": "USA"
        }
      }
    ]
  }
}